[2021221 234332]  thread_2 --- pid : 30980, tid : eb766700 --- 2
